// Jest Snapshot v1, https://goo.gl/fbAQLP

exports[`MedalList test testing Medal list 1`] = `
ShallowWrapper {
  "length": 1,
  Symbol(enzyme.__root__): [Circular],
  Symbol(enzyme.__unrendered__): <MedalList
    list={
        Array [
            Object {
              "Event": Object {
                "c_Name": "2 x 500m",
                "c_Short": "2 x 500m",
                "n_ID": 11184,
              },
              "Gender": Object {
                "c_Name": "Men",
                "c_Short": "M",
                "n_ID": 1,
              },
              "Participant": Object {
                "c_Participant": "bla Mulder",
                "c_ParticipantShort": "Mulder",
                "n_PersonID": 169302,
                "n_TeamID": null,
              },
              "TeamMembers": null,
              "n_EventPhaseID": 815523,
            },
            Object {
              "Event": Object {
                "c_Name": "1000m",
                "c_Short": "1000m",
                "n_ID": 2,
              },
              "Gender": Object {
                "c_Name": "Men",
                "c_Short": "M",
                "n_ID": 1,
              },
              "Participant": Object {
                "c_Participant": "Stefan Groothuis",
                "c_ParticipantShort": "Groothuis",
                "n_PersonID": 162414,
                "n_TeamID": null,
              },
              "TeamMembers": null,
              "n_EventPhaseID": 815524,
            },
            Object {
              "Event": Object {
                "c_Name": "1500m",
                "c_Short": "1500m",
                "n_ID": 3,
              },
              "Gender": Object {
                "c_Name": "Women",
                "c_Short": "W",
                "n_ID": 2,
              },
              "Participant": Object {
                "c_Participant": "Jorien ter Mors",
                "c_ParticipantShort": "ter Mors",
                "n_PersonID": 603415,
                "n_TeamID": null,
              },
              "TeamMembers": null,
              "n_EventPhaseID": 815531,
            },
            Object {
              "Event": Object {
                "c_Name": "3000m",
                "c_Short": "3000m",
                "n_ID": 4,
              },
              "Gender": Object {
                "c_Name": "Women",
                "c_Short": "W",
                "n_ID": 2,
              },
              "Participant": Object {
                "c_Participant": "Ireen Wüst",
                "c_ParticipantShort": "Wüst",
                "n_PersonID": 222453,
                "n_TeamID": null,
              },
              "TeamMembers": null,
              "n_EventPhaseID": 815532,
            },
            Object {
              "Event": Object {
                "c_Name": "5000m",
                "c_Short": "5000m",
                "n_ID": 5,
              },
              "Gender": Object {
                "c_Name": "Men",
                "c_Short": "M",
                "n_ID": 1,
              },
              "Participant": Object {
                "c_Participant": "Sven Kramer",
                "c_ParticipantShort": "Kramer",
                "n_PersonID": 170973,
                "n_TeamID": null,
              },
              "TeamMembers": null,
              "n_EventPhaseID": 815526,
            },
            Object {
              "Event": Object {
                "c_Name": "10000m",
                "c_Short": "10000m",
                "n_ID": 6,
              },
              "Gender": Object {
                "c_Name": "Men",
                "c_Short": "M",
                "n_ID": 1,
              },
              "Participant": Object {
                "c_Participant": "Jorrit Bergsma",
                "c_ParticipantShort": "Bergsma",
                "n_PersonID": 189690,
                "n_TeamID": null,
              },
              "TeamMembers": null,
              "n_EventPhaseID": 815527,
            },
            Object {
              "Event": Object {
                "c_Name": "Team Pursuit 8 Laps",
                "c_Short": "Team Pursuit",
                "n_ID": 10856,
              },
              "Gender": Object {
                "c_Name": "Men",
                "c_Short": "M",
                "n_ID": 1,
              },
              "Participant": Object {
                "c_Participant": "Netherlands",
                "c_ParticipantShort": "NED",
                "n_PersonID": null,
                "n_TeamID": 33712,
              },
              "TeamMembers": Array [],
              "n_EventPhaseID": 815528,
            },
            Object {
              "Event": Object {
                "c_Name": "Team Pursuit 6 Laps",
                "c_Short": "Team Pursuit",
                "n_ID": 11148,
              },
              "Gender": Object {
                "c_Name": "Women",
                "c_Short": "W",
                "n_ID": 2,
              },
              "Participant": Object {
                "c_Participant": "Netherlands",
                "c_ParticipantShort": "NED",
                "n_PersonID": null,
                "n_TeamID": 33712,
              },
              "TeamMembers": Array [],
              "n_EventPhaseID": 815534,
            },
          ]
    }
    title="Gold Medals"
/>,
  Symbol(enzyme.__renderer__): Object {
    "batchedUpdates": [Function],
    "getNode": [Function],
    "render": [Function],
    "simulateEvent": [Function],
    "unmount": [Function],
  },
  Symbol(enzyme.__node__): Object {
    "instance": null,
    "key": undefined,
    "nodeType": "host",
    "props": Object {
      "children": Array [
        <h3>
          Gold Medals
</h3>,
        <table
          align="center"
          id="stats"
>
          <tbody>
                    <tr>
                              <th>
                                        Participant
                              </th>
                              <th>
                                        Event
                              </th>
                              <th>
                                        Gender
                              </th>
                    </tr>
                    <Participant
                              Event={
                                        Object {
                                                  "c_Name": "2 x 500m",
                                                  "c_Short": "2 x 500m",
                                                  "n_ID": 11184,
                                                }
                              }
                              Gender={
                                        Object {
                                                  "c_Name": "Men",
                                                  "c_Short": "M",
                                                  "n_ID": 1,
                                                }
                              }
                              Participant={
                                        Object {
                                                  "c_Participant": "bla Mulder",
                                                  "c_ParticipantShort": "Mulder",
                                                  "n_PersonID": 169302,
                                                  "n_TeamID": null,
                                                }
                              }
                              TeamMembers={null}
                              n_EventPhaseID={815523}
                    />
                    <Participant
                              Event={
                                        Object {
                                                  "c_Name": "1000m",
                                                  "c_Short": "1000m",
                                                  "n_ID": 2,
                                                }
                              }
                              Gender={
                                        Object {
                                                  "c_Name": "Men",
                                                  "c_Short": "M",
                                                  "n_ID": 1,
                                                }
                              }
                              Participant={
                                        Object {
                                                  "c_Participant": "Stefan Groothuis",
                                                  "c_ParticipantShort": "Groothuis",
                                                  "n_PersonID": 162414,
                                                  "n_TeamID": null,
                                                }
                              }
                              TeamMembers={null}
                              n_EventPhaseID={815524}
                    />
                    <Participant
                              Event={
                                        Object {
                                                  "c_Name": "1500m",
                                                  "c_Short": "1500m",
                                                  "n_ID": 3,
                                                }
                              }
                              Gender={
                                        Object {
                                                  "c_Name": "Women",
                                                  "c_Short": "W",
                                                  "n_ID": 2,
                                                }
                              }
                              Participant={
                                        Object {
                                                  "c_Participant": "Jorien ter Mors",
                                                  "c_ParticipantShort": "ter Mors",
                                                  "n_PersonID": 603415,
                                                  "n_TeamID": null,
                                                }
                              }
                              TeamMembers={null}
                              n_EventPhaseID={815531}
                    />
                    <Participant
                              Event={
                                        Object {
                                                  "c_Name": "3000m",
                                                  "c_Short": "3000m",
                                                  "n_ID": 4,
                                                }
                              }
                              Gender={
                                        Object {
                                                  "c_Name": "Women",
                                                  "c_Short": "W",
                                                  "n_ID": 2,
                                                }
                              }
                              Participant={
                                        Object {
                                                  "c_Participant": "Ireen Wüst",
                                                  "c_ParticipantShort": "Wüst",
                                                  "n_PersonID": 222453,
                                                  "n_TeamID": null,
                                                }
                              }
                              TeamMembers={null}
                              n_EventPhaseID={815532}
                    />
                    <Participant
                              Event={
                                        Object {
                                                  "c_Name": "5000m",
                                                  "c_Short": "5000m",
                                                  "n_ID": 5,
                                                }
                              }
                              Gender={
                                        Object {
                                                  "c_Name": "Men",
                                                  "c_Short": "M",
                                                  "n_ID": 1,
                                                }
                              }
                              Participant={
                                        Object {
                                                  "c_Participant": "Sven Kramer",
                                                  "c_ParticipantShort": "Kramer",
                                                  "n_PersonID": 170973,
                                                  "n_TeamID": null,
                                                }
                              }
                              TeamMembers={null}
                              n_EventPhaseID={815526}
                    />
                    <Participant
                              Event={
                                        Object {
                                                  "c_Name": "10000m",
                                                  "c_Short": "10000m",
                                                  "n_ID": 6,
                                                }
                              }
                              Gender={
                                        Object {
                                                  "c_Name": "Men",
                                                  "c_Short": "M",
                                                  "n_ID": 1,
                                                }
                              }
                              Participant={
                                        Object {
                                                  "c_Participant": "Jorrit Bergsma",
                                                  "c_ParticipantShort": "Bergsma",
                                                  "n_PersonID": 189690,
                                                  "n_TeamID": null,
                                                }
                              }
                              TeamMembers={null}
                              n_EventPhaseID={815527}
                    />
                    <Participant
                              Event={
                                        Object {
                                                  "c_Name": "Team Pursuit 8 Laps",
                                                  "c_Short": "Team Pursuit",
                                                  "n_ID": 10856,
                                                }
                              }
                              Gender={
                                        Object {
                                                  "c_Name": "Men",
                                                  "c_Short": "M",
                                                  "n_ID": 1,
                                                }
                              }
                              Participant={
                                        Object {
                                                  "c_Participant": "Netherlands",
                                                  "c_ParticipantShort": "NED",
                                                  "n_PersonID": null,
                                                  "n_TeamID": 33712,
                                                }
                              }
                              TeamMembers={Array []}
                              n_EventPhaseID={815528}
                    />
                    <Participant
                              Event={
                                        Object {
                                                  "c_Name": "Team Pursuit 6 Laps",
                                                  "c_Short": "Team Pursuit",
                                                  "n_ID": 11148,
                                                }
                              }
                              Gender={
                                        Object {
                                                  "c_Name": "Women",
                                                  "c_Short": "W",
                                                  "n_ID": 2,
                                                }
                              }
                              Participant={
                                        Object {
                                                  "c_Participant": "Netherlands",
                                                  "c_ParticipantShort": "NED",
                                                  "n_PersonID": null,
                                                  "n_TeamID": 33712,
                                                }
                              }
                              TeamMembers={Array []}
                              n_EventPhaseID={815534}
                    />
          </tbody>
</table>,
      ],
      "className": "MedalList",
    },
    "ref": null,
    "rendered": Array [
      Object {
        "instance": null,
        "key": undefined,
        "nodeType": "host",
        "props": Object {
          "children": "Gold Medals",
        },
        "ref": null,
        "rendered": "Gold Medals",
        "type": "h3",
      },
      Object {
        "instance": null,
        "key": undefined,
        "nodeType": "host",
        "props": Object {
          "align": "center",
          "children": <tbody>
            <tr>
                        <th>
                                    Participant
                        </th>
                        <th>
                                    Event
                        </th>
                        <th>
                                    Gender
                        </th>
            </tr>
            <Participant
                        Event={
                                    Object {
                                                "c_Name": "2 x 500m",
                                                "c_Short": "2 x 500m",
                                                "n_ID": 11184,
                                              }
                        }
                        Gender={
                                    Object {
                                                "c_Name": "Men",
                                                "c_Short": "M",
                                                "n_ID": 1,
                                              }
                        }
                        Participant={
                                    Object {
                                                "c_Participant": "bla Mulder",
                                                "c_ParticipantShort": "Mulder",
                                                "n_PersonID": 169302,
                                                "n_TeamID": null,
                                              }
                        }
                        TeamMembers={null}
                        n_EventPhaseID={815523}
            />
            <Participant
                        Event={
                                    Object {
                                                "c_Name": "1000m",
                                                "c_Short": "1000m",
                                                "n_ID": 2,
                                              }
                        }
                        Gender={
                                    Object {
                                                "c_Name": "Men",
                                                "c_Short": "M",
                                                "n_ID": 1,
                                              }
                        }
                        Participant={
                                    Object {
                                                "c_Participant": "Stefan Groothuis",
                                                "c_ParticipantShort": "Groothuis",
                                                "n_PersonID": 162414,
                                                "n_TeamID": null,
                                              }
                        }
                        TeamMembers={null}
                        n_EventPhaseID={815524}
            />
            <Participant
                        Event={
                                    Object {
                                                "c_Name": "1500m",
                                                "c_Short": "1500m",
                                                "n_ID": 3,
                                              }
                        }
                        Gender={
                                    Object {
                                                "c_Name": "Women",
                                                "c_Short": "W",
                                                "n_ID": 2,
                                              }
                        }
                        Participant={
                                    Object {
                                                "c_Participant": "Jorien ter Mors",
                                                "c_ParticipantShort": "ter Mors",
                                                "n_PersonID": 603415,
                                                "n_TeamID": null,
                                              }
                        }
                        TeamMembers={null}
                        n_EventPhaseID={815531}
            />
            <Participant
                        Event={
                                    Object {
                                                "c_Name": "3000m",
                                                "c_Short": "3000m",
                                                "n_ID": 4,
                                              }
                        }
                        Gender={
                                    Object {
                                                "c_Name": "Women",
                                                "c_Short": "W",
                                                "n_ID": 2,
                                              }
                        }
                        Participant={
                                    Object {
                                                "c_Participant": "Ireen Wüst",
                                                "c_ParticipantShort": "Wüst",
                                                "n_PersonID": 222453,
                                                "n_TeamID": null,
                                              }
                        }
                        TeamMembers={null}
                        n_EventPhaseID={815532}
            />
            <Participant
                        Event={
                                    Object {
                                                "c_Name": "5000m",
                                                "c_Short": "5000m",
                                                "n_ID": 5,
                                              }
                        }
                        Gender={
                                    Object {
                                                "c_Name": "Men",
                                                "c_Short": "M",
                                                "n_ID": 1,
                                              }
                        }
                        Participant={
                                    Object {
                                                "c_Participant": "Sven Kramer",
                                                "c_ParticipantShort": "Kramer",
                                                "n_PersonID": 170973,
                                                "n_TeamID": null,
                                              }
                        }
                        TeamMembers={null}
                        n_EventPhaseID={815526}
            />
            <Participant
                        Event={
                                    Object {
                                                "c_Name": "10000m",
                                                "c_Short": "10000m",
                                                "n_ID": 6,
                                              }
                        }
                        Gender={
                                    Object {
                                                "c_Name": "Men",
                                                "c_Short": "M",
                                                "n_ID": 1,
                                              }
                        }
                        Participant={
                                    Object {
                                                "c_Participant": "Jorrit Bergsma",
                                                "c_ParticipantShort": "Bergsma",
                                                "n_PersonID": 189690,
                                                "n_TeamID": null,
                                              }
                        }
                        TeamMembers={null}
                        n_EventPhaseID={815527}
            />
            <Participant
                        Event={
                                    Object {
                                                "c_Name": "Team Pursuit 8 Laps",
                                                "c_Short": "Team Pursuit",
                                                "n_ID": 10856,
                                              }
                        }
                        Gender={
                                    Object {
                                                "c_Name": "Men",
                                                "c_Short": "M",
                                                "n_ID": 1,
                                              }
                        }
                        Participant={
                                    Object {
                                                "c_Participant": "Netherlands",
                                                "c_ParticipantShort": "NED",
                                                "n_PersonID": null,
                                                "n_TeamID": 33712,
                                              }
                        }
                        TeamMembers={Array []}
                        n_EventPhaseID={815528}
            />
            <Participant
                        Event={
                                    Object {
                                                "c_Name": "Team Pursuit 6 Laps",
                                                "c_Short": "Team Pursuit",
                                                "n_ID": 11148,
                                              }
                        }
                        Gender={
                                    Object {
                                                "c_Name": "Women",
                                                "c_Short": "W",
                                                "n_ID": 2,
                                              }
                        }
                        Participant={
                                    Object {
                                                "c_Participant": "Netherlands",
                                                "c_ParticipantShort": "NED",
                                                "n_PersonID": null,
                                                "n_TeamID": 33712,
                                              }
                        }
                        TeamMembers={Array []}
                        n_EventPhaseID={815534}
            />
</tbody>,
          "id": "stats",
        },
        "ref": null,
        "rendered": Object {
          "instance": null,
          "key": undefined,
          "nodeType": "host",
          "props": Object {
            "children": Array [
              <tr>
                <th>
                                Participant
                </th>
                <th>
                                Event
                </th>
                <th>
                                Gender
                </th>
</tr>,
              Array [
                <Participant
                  Event={
                                    Object {
                                                      "c_Name": "2 x 500m",
                                                      "c_Short": "2 x 500m",
                                                      "n_ID": 11184,
                                                    }
                  }
                  Gender={
                                    Object {
                                                      "c_Name": "Men",
                                                      "c_Short": "M",
                                                      "n_ID": 1,
                                                    }
                  }
                  Participant={
                                    Object {
                                                      "c_Participant": "bla Mulder",
                                                      "c_ParticipantShort": "Mulder",
                                                      "n_PersonID": 169302,
                                                      "n_TeamID": null,
                                                    }
                  }
                  TeamMembers={null}
                  n_EventPhaseID={815523}
/>,
                <Participant
                  Event={
                                    Object {
                                                      "c_Name": "1000m",
                                                      "c_Short": "1000m",
                                                      "n_ID": 2,
                                                    }
                  }
                  Gender={
                                    Object {
                                                      "c_Name": "Men",
                                                      "c_Short": "M",
                                                      "n_ID": 1,
                                                    }
                  }
                  Participant={
                                    Object {
                                                      "c_Participant": "Stefan Groothuis",
                                                      "c_ParticipantShort": "Groothuis",
                                                      "n_PersonID": 162414,
                                                      "n_TeamID": null,
                                                    }
                  }
                  TeamMembers={null}
                  n_EventPhaseID={815524}
/>,
                <Participant
                  Event={
                                    Object {
                                                      "c_Name": "1500m",
                                                      "c_Short": "1500m",
                                                      "n_ID": 3,
                                                    }
                  }
                  Gender={
                                    Object {
                                                      "c_Name": "Women",
                                                      "c_Short": "W",
                                                      "n_ID": 2,
                                                    }
                  }
                  Participant={
                                    Object {
                                                      "c_Participant": "Jorien ter Mors",
                                                      "c_ParticipantShort": "ter Mors",
                                                      "n_PersonID": 603415,
                                                      "n_TeamID": null,
                                                    }
                  }
                  TeamMembers={null}
                  n_EventPhaseID={815531}
/>,
                <Participant
                  Event={
                                    Object {
                                                      "c_Name": "3000m",
                                                      "c_Short": "3000m",
                                                      "n_ID": 4,
                                                    }
                  }
                  Gender={
                                    Object {
                                                      "c_Name": "Women",
                                                      "c_Short": "W",
                                                      "n_ID": 2,
                                                    }
                  }
                  Participant={
                                    Object {
                                                      "c_Participant": "Ireen Wüst",
                                                      "c_ParticipantShort": "Wüst",
                                                      "n_PersonID": 222453,
                                                      "n_TeamID": null,
                                                    }
                  }
                  TeamMembers={null}
                  n_EventPhaseID={815532}
/>,
                <Participant
                  Event={
                                    Object {
                                                      "c_Name": "5000m",
                                                      "c_Short": "5000m",
                                                      "n_ID": 5,
                                                    }
                  }
                  Gender={
                                    Object {
                                                      "c_Name": "Men",
                                                      "c_Short": "M",
                                                      "n_ID": 1,
                                                    }
                  }
                  Participant={
                                    Object {
                                                      "c_Participant": "Sven Kramer",
                                                      "c_ParticipantShort": "Kramer",
                                                      "n_PersonID": 170973,
                                                      "n_TeamID": null,
                                                    }
                  }
                  TeamMembers={null}
                  n_EventPhaseID={815526}
/>,
                <Participant
                  Event={
                                    Object {
                                                      "c_Name": "10000m",
                                                      "c_Short": "10000m",
                                                      "n_ID": 6,
                                                    }
                  }
                  Gender={
                                    Object {
                                                      "c_Name": "Men",
                                                      "c_Short": "M",
                                                      "n_ID": 1,
                                                    }
                  }
                  Participant={
                                    Object {
                                                      "c_Participant": "Jorrit Bergsma",
                                                      "c_ParticipantShort": "Bergsma",
                                                      "n_PersonID": 189690,
                                                      "n_TeamID": null,
                                                    }
                  }
                  TeamMembers={null}
                  n_EventPhaseID={815527}
/>,
                <Participant
                  Event={
                                    Object {
                                                      "c_Name": "Team Pursuit 8 Laps",
                                                      "c_Short": "Team Pursuit",
                                                      "n_ID": 10856,
                                                    }
                  }
                  Gender={
                                    Object {
                                                      "c_Name": "Men",
                                                      "c_Short": "M",
                                                      "n_ID": 1,
                                                    }
                  }
                  Participant={
                                    Object {
                                                      "c_Participant": "Netherlands",
                                                      "c_ParticipantShort": "NED",
                                                      "n_PersonID": null,
                                                      "n_TeamID": 33712,
                                                    }
                  }
                  TeamMembers={Array []}
                  n_EventPhaseID={815528}
/>,
                <Participant
                  Event={
                                    Object {
                                                      "c_Name": "Team Pursuit 6 Laps",
                                                      "c_Short": "Team Pursuit",
                                                      "n_ID": 11148,
                                                    }
                  }
                  Gender={
                                    Object {
                                                      "c_Name": "Women",
                                                      "c_Short": "W",
                                                      "n_ID": 2,
                                                    }
                  }
                  Participant={
                                    Object {
                                                      "c_Participant": "Netherlands",
                                                      "c_ParticipantShort": "NED",
                                                      "n_PersonID": null,
                                                      "n_TeamID": 33712,
                                                    }
                  }
                  TeamMembers={Array []}
                  n_EventPhaseID={815534}
/>,
              ],
            ],
          },
          "ref": null,
          "rendered": Array [
            Object {
              "instance": null,
              "key": undefined,
              "nodeType": "host",
              "props": Object {
                "children": Array [
                  <th>
                    Participant
</th>,
                  <th>
                    Event
</th>,
                  <th>
                    Gender
</th>,
                ],
              },
              "ref": null,
              "rendered": Array [
                Object {
                  "instance": null,
                  "key": undefined,
                  "nodeType": "host",
                  "props": Object {
                    "children": "Participant",
                  },
                  "ref": null,
                  "rendered": "Participant",
                  "type": "th",
                },
                Object {
                  "instance": null,
                  "key": undefined,
                  "nodeType": "host",
                  "props": Object {
                    "children": "Event",
                  },
                  "ref": null,
                  "rendered": "Event",
                  "type": "th",
                },
                Object {
                  "instance": null,
                  "key": undefined,
                  "nodeType": "host",
                  "props": Object {
                    "children": "Gender",
                  },
                  "ref": null,
                  "rendered": "Gender",
                  "type": "th",
                },
              ],
              "type": "tr",
            },
            Object {
              "instance": null,
              "key": "0",
              "nodeType": "class",
              "props": Object {
                "Event": Object {
                  "c_Name": "2 x 500m",
                  "c_Short": "2 x 500m",
                  "n_ID": 11184,
                },
                "Gender": Object {
                  "c_Name": "Men",
                  "c_Short": "M",
                  "n_ID": 1,
                },
                "Participant": Object {
                  "c_Participant": "bla Mulder",
                  "c_ParticipantShort": "Mulder",
                  "n_PersonID": 169302,
                  "n_TeamID": null,
                },
                "TeamMembers": null,
                "n_EventPhaseID": 815523,
              },
              "ref": null,
              "rendered": null,
              "type": [Function],
            },
            Object {
              "instance": null,
              "key": "1",
              "nodeType": "class",
              "props": Object {
                "Event": Object {
                  "c_Name": "1000m",
                  "c_Short": "1000m",
                  "n_ID": 2,
                },
                "Gender": Object {
                  "c_Name": "Men",
                  "c_Short": "M",
                  "n_ID": 1,
                },
                "Participant": Object {
                  "c_Participant": "Stefan Groothuis",
                  "c_ParticipantShort": "Groothuis",
                  "n_PersonID": 162414,
                  "n_TeamID": null,
                },
                "TeamMembers": null,
                "n_EventPhaseID": 815524,
              },
              "ref": null,
              "rendered": null,
              "type": [Function],
            },
            Object {
              "instance": null,
              "key": "2",
              "nodeType": "class",
              "props": Object {
                "Event": Object {
                  "c_Name": "1500m",
                  "c_Short": "1500m",
                  "n_ID": 3,
                },
                "Gender": Object {
                  "c_Name": "Women",
                  "c_Short": "W",
                  "n_ID": 2,
                },
                "Participant": Object {
                  "c_Participant": "Jorien ter Mors",
                  "c_ParticipantShort": "ter Mors",
                  "n_PersonID": 603415,
                  "n_TeamID": null,
                },
                "TeamMembers": null,
                "n_EventPhaseID": 815531,
              },
              "ref": null,
              "rendered": null,
              "type": [Function],
            },
            Object {
              "instance": null,
              "key": "3",
              "nodeType": "class",
              "props": Object {
                "Event": Object {
                  "c_Name": "3000m",
                  "c_Short": "3000m",
                  "n_ID": 4,
                },
                "Gender": Object {
                  "c_Name": "Women",
                  "c_Short": "W",
                  "n_ID": 2,
                },
                "Participant": Object {
                  "c_Participant": "Ireen Wüst",
                  "c_ParticipantShort": "Wüst",
                  "n_PersonID": 222453,
                  "n_TeamID": null,
                },
                "TeamMembers": null,
                "n_EventPhaseID": 815532,
              },
              "ref": null,
              "rendered": null,
              "type": [Function],
            },
            Object {
              "instance": null,
              "key": "4",
              "nodeType": "class",
              "props": Object {
                "Event": Object {
                  "c_Name": "5000m",
                  "c_Short": "5000m",
                  "n_ID": 5,
                },
                "Gender": Object {
                  "c_Name": "Men",
                  "c_Short": "M",
                  "n_ID": 1,
                },
                "Participant": Object {
                  "c_Participant": "Sven Kramer",
                  "c_ParticipantShort": "Kramer",
                  "n_PersonID": 170973,
                  "n_TeamID": null,
                },
                "TeamMembers": null,
                "n_EventPhaseID": 815526,
              },
              "ref": null,
              "rendered": null,
              "type": [Function],
            },
            Object {
              "instance": null,
              "key": "5",
              "nodeType": "class",
              "props": Object {
                "Event": Object {
                  "c_Name": "10000m",
                  "c_Short": "10000m",
                  "n_ID": 6,
                },
                "Gender": Object {
                  "c_Name": "Men",
                  "c_Short": "M",
                  "n_ID": 1,
                },
                "Participant": Object {
                  "c_Participant": "Jorrit Bergsma",
                  "c_ParticipantShort": "Bergsma",
                  "n_PersonID": 189690,
                  "n_TeamID": null,
                },
                "TeamMembers": null,
                "n_EventPhaseID": 815527,
              },
              "ref": null,
              "rendered": null,
              "type": [Function],
            },
            Object {
              "instance": null,
              "key": "6",
              "nodeType": "class",
              "props": Object {
                "Event": Object {
                  "c_Name": "Team Pursuit 8 Laps",
                  "c_Short": "Team Pursuit",
                  "n_ID": 10856,
                },
                "Gender": Object {
                  "c_Name": "Men",
                  "c_Short": "M",
                  "n_ID": 1,
                },
                "Participant": Object {
                  "c_Participant": "Netherlands",
                  "c_ParticipantShort": "NED",
                  "n_PersonID": null,
                  "n_TeamID": 33712,
                },
                "TeamMembers": Array [],
                "n_EventPhaseID": 815528,
              },
              "ref": null,
              "rendered": null,
              "type": [Function],
            },
            Object {
              "instance": null,
              "key": "7",
              "nodeType": "class",
              "props": Object {
                "Event": Object {
                  "c_Name": "Team Pursuit 6 Laps",
                  "c_Short": "Team Pursuit",
                  "n_ID": 11148,
                },
                "Gender": Object {
                  "c_Name": "Women",
                  "c_Short": "W",
                  "n_ID": 2,
                },
                "Participant": Object {
                  "c_Participant": "Netherlands",
                  "c_ParticipantShort": "NED",
                  "n_PersonID": null,
                  "n_TeamID": 33712,
                },
                "TeamMembers": Array [],
                "n_EventPhaseID": 815534,
              },
              "ref": null,
              "rendered": null,
              "type": [Function],
            },
          ],
          "type": "tbody",
        },
        "type": "table",
      },
    ],
    "type": "article",
  },
  Symbol(enzyme.__nodes__): Array [
    Object {
      "instance": null,
      "key": undefined,
      "nodeType": "host",
      "props": Object {
        "children": Array [
          <h3>
            Gold Medals
</h3>,
          <table
            align="center"
            id="stats"
>
            <tbody>
                        <tr>
                                    <th>
                                                Participant
                                    </th>
                                    <th>
                                                Event
                                    </th>
                                    <th>
                                                Gender
                                    </th>
                        </tr>
                        <Participant
                                    Event={
                                                Object {
                                                            "c_Name": "2 x 500m",
                                                            "c_Short": "2 x 500m",
                                                            "n_ID": 11184,
                                                          }
                                    }
                                    Gender={
                                                Object {
                                                            "c_Name": "Men",
                                                            "c_Short": "M",
                                                            "n_ID": 1,
                                                          }
                                    }
                                    Participant={
                                                Object {
                                                            "c_Participant": "bla Mulder",
                                                            "c_ParticipantShort": "Mulder",
                                                            "n_PersonID": 169302,
                                                            "n_TeamID": null,
                                                          }
                                    }
                                    TeamMembers={null}
                                    n_EventPhaseID={815523}
                        />
                        <Participant
                                    Event={
                                                Object {
                                                            "c_Name": "1000m",
                                                            "c_Short": "1000m",
                                                            "n_ID": 2,
                                                          }
                                    }
                                    Gender={
                                                Object {
                                                            "c_Name": "Men",
                                                            "c_Short": "M",
                                                            "n_ID": 1,
                                                          }
                                    }
                                    Participant={
                                                Object {
                                                            "c_Participant": "Stefan Groothuis",
                                                            "c_ParticipantShort": "Groothuis",
                                                            "n_PersonID": 162414,
                                                            "n_TeamID": null,
                                                          }
                                    }
                                    TeamMembers={null}
                                    n_EventPhaseID={815524}
                        />
                        <Participant
                                    Event={
                                                Object {
                                                            "c_Name": "1500m",
                                                            "c_Short": "1500m",
                                                            "n_ID": 3,
                                                          }
                                    }
                                    Gender={
                                                Object {
                                                            "c_Name": "Women",
                                                            "c_Short": "W",
                                                            "n_ID": 2,
                                                          }
                                    }
                                    Participant={
                                                Object {
                                                            "c_Participant": "Jorien ter Mors",
                                                            "c_ParticipantShort": "ter Mors",
                                                            "n_PersonID": 603415,
                                                            "n_TeamID": null,
                                                          }
                                    }
                                    TeamMembers={null}
                                    n_EventPhaseID={815531}
                        />
                        <Participant
                                    Event={
                                                Object {
                                                            "c_Name": "3000m",
                                                            "c_Short": "3000m",
                                                            "n_ID": 4,
                                                          }
                                    }
                                    Gender={
                                                Object {
                                                            "c_Name": "Women",
                                                            "c_Short": "W",
                                                            "n_ID": 2,
                                                          }
                                    }
                                    Participant={
                                                Object {
                                                            "c_Participant": "Ireen Wüst",
                                                            "c_ParticipantShort": "Wüst",
                                                            "n_PersonID": 222453,
                                                            "n_TeamID": null,
                                                          }
                                    }
                                    TeamMembers={null}
                                    n_EventPhaseID={815532}
                        />
                        <Participant
                                    Event={
                                                Object {
                                                            "c_Name": "5000m",
                                                            "c_Short": "5000m",
                                                            "n_ID": 5,
                                                          }
                                    }
                                    Gender={
                                                Object {
                                                            "c_Name": "Men",
                                                            "c_Short": "M",
                                                            "n_ID": 1,
                                                          }
                                    }
                                    Participant={
                                                Object {
                                                            "c_Participant": "Sven Kramer",
                                                            "c_ParticipantShort": "Kramer",
                                                            "n_PersonID": 170973,
                                                            "n_TeamID": null,
                                                          }
                                    }
                                    TeamMembers={null}
                                    n_EventPhaseID={815526}
                        />
                        <Participant
                                    Event={
                                                Object {
                                                            "c_Name": "10000m",
                                                            "c_Short": "10000m",
                                                            "n_ID": 6,
                                                          }
                                    }
                                    Gender={
                                                Object {
                                                            "c_Name": "Men",
                                                            "c_Short": "M",
                                                            "n_ID": 1,
                                                          }
                                    }
                                    Participant={
                                                Object {
                                                            "c_Participant": "Jorrit Bergsma",
                                                            "c_ParticipantShort": "Bergsma",
                                                            "n_PersonID": 189690,
                                                            "n_TeamID": null,
                                                          }
                                    }
                                    TeamMembers={null}
                                    n_EventPhaseID={815527}
                        />
                        <Participant
                                    Event={
                                                Object {
                                                            "c_Name": "Team Pursuit 8 Laps",
                                                            "c_Short": "Team Pursuit",
                                                            "n_ID": 10856,
                                                          }
                                    }
                                    Gender={
                                                Object {
                                                            "c_Name": "Men",
                                                            "c_Short": "M",
                                                            "n_ID": 1,
                                                          }
                                    }
                                    Participant={
                                                Object {
                                                            "c_Participant": "Netherlands",
                                                            "c_ParticipantShort": "NED",
                                                            "n_PersonID": null,
                                                            "n_TeamID": 33712,
                                                          }
                                    }
                                    TeamMembers={Array []}
                                    n_EventPhaseID={815528}
                        />
                        <Participant
                                    Event={
                                                Object {
                                                            "c_Name": "Team Pursuit 6 Laps",
                                                            "c_Short": "Team Pursuit",
                                                            "n_ID": 11148,
                                                          }
                                    }
                                    Gender={
                                                Object {
                                                            "c_Name": "Women",
                                                            "c_Short": "W",
                                                            "n_ID": 2,
                                                          }
                                    }
                                    Participant={
                                                Object {
                                                            "c_Participant": "Netherlands",
                                                            "c_ParticipantShort": "NED",
                                                            "n_PersonID": null,
                                                            "n_TeamID": 33712,
                                                          }
                                    }
                                    TeamMembers={Array []}
                                    n_EventPhaseID={815534}
                        />
            </tbody>
</table>,
        ],
        "className": "MedalList",
      },
      "ref": null,
      "rendered": Array [
        Object {
          "instance": null,
          "key": undefined,
          "nodeType": "host",
          "props": Object {
            "children": "Gold Medals",
          },
          "ref": null,
          "rendered": "Gold Medals",
          "type": "h3",
        },
        Object {
          "instance": null,
          "key": undefined,
          "nodeType": "host",
          "props": Object {
            "align": "center",
            "children": <tbody>
              <tr>
                            <th>
                                          Participant
                            </th>
                            <th>
                                          Event
                            </th>
                            <th>
                                          Gender
                            </th>
              </tr>
              <Participant
                            Event={
                                          Object {
                                                        "c_Name": "2 x 500m",
                                                        "c_Short": "2 x 500m",
                                                        "n_ID": 11184,
                                                      }
                            }
                            Gender={
                                          Object {
                                                        "c_Name": "Men",
                                                        "c_Short": "M",
                                                        "n_ID": 1,
                                                      }
                            }
                            Participant={
                                          Object {
                                                        "c_Participant": "bla Mulder",
                                                        "c_ParticipantShort": "Mulder",
                                                        "n_PersonID": 169302,
                                                        "n_TeamID": null,
                                                      }
                            }
                            TeamMembers={null}
                            n_EventPhaseID={815523}
              />
              <Participant
                            Event={
                                          Object {
                                                        "c_Name": "1000m",
                                                        "c_Short": "1000m",
                                                        "n_ID": 2,
                                                      }
                            }
                            Gender={
                                          Object {
                                                        "c_Name": "Men",
                                                        "c_Short": "M",
                                                        "n_ID": 1,
                                                      }
                            }
                            Participant={
                                          Object {
                                                        "c_Participant": "Stefan Groothuis",
                                                        "c_ParticipantShort": "Groothuis",
                                                        "n_PersonID": 162414,
                                                        "n_TeamID": null,
                                                      }
                            }
                            TeamMembers={null}
                            n_EventPhaseID={815524}
              />
              <Participant
                            Event={
                                          Object {
                                                        "c_Name": "1500m",
                                                        "c_Short": "1500m",
                                                        "n_ID": 3,
                                                      }
                            }
                            Gender={
                                          Object {
                                                        "c_Name": "Women",
                                                        "c_Short": "W",
                                                        "n_ID": 2,
                                                      }
                            }
                            Participant={
                                          Object {
                                                        "c_Participant": "Jorien ter Mors",
                                                        "c_ParticipantShort": "ter Mors",
                                                        "n_PersonID": 603415,
                                                        "n_TeamID": null,
                                                      }
                            }
                            TeamMembers={null}
                            n_EventPhaseID={815531}
              />
              <Participant
                            Event={
                                          Object {
                                                        "c_Name": "3000m",
                                                        "c_Short": "3000m",
                                                        "n_ID": 4,
                                                      }
                            }
                            Gender={
                                          Object {
                                                        "c_Name": "Women",
                                                        "c_Short": "W",
                                                        "n_ID": 2,
                                                      }
                            }
                            Participant={
                                          Object {
                                                        "c_Participant": "Ireen Wüst",
                                                        "c_ParticipantShort": "Wüst",
                                                        "n_PersonID": 222453,
                                                        "n_TeamID": null,
                                                      }
                            }
                            TeamMembers={null}
                            n_EventPhaseID={815532}
              />
              <Participant
                            Event={
                                          Object {
                                                        "c_Name": "5000m",
                                                        "c_Short": "5000m",
                                                        "n_ID": 5,
                                                      }
                            }
                            Gender={
                                          Object {
                                                        "c_Name": "Men",
                                                        "c_Short": "M",
                                                        "n_ID": 1,
                                                      }
                            }
                            Participant={
                                          Object {
                                                        "c_Participant": "Sven Kramer",
                                                        "c_ParticipantShort": "Kramer",
                                                        "n_PersonID": 170973,
                                                        "n_TeamID": null,
                                                      }
                            }
                            TeamMembers={null}
                            n_EventPhaseID={815526}
              />
              <Participant
                            Event={
                                          Object {
                                                        "c_Name": "10000m",
                                                        "c_Short": "10000m",
                                                        "n_ID": 6,
                                                      }
                            }
                            Gender={
                                          Object {
                                                        "c_Name": "Men",
                                                        "c_Short": "M",
                                                        "n_ID": 1,
                                                      }
                            }
                            Participant={
                                          Object {
                                                        "c_Participant": "Jorrit Bergsma",
                                                        "c_ParticipantShort": "Bergsma",
                                                        "n_PersonID": 189690,
                                                        "n_TeamID": null,
                                                      }
                            }
                            TeamMembers={null}
                            n_EventPhaseID={815527}
              />
              <Participant
                            Event={
                                          Object {
                                                        "c_Name": "Team Pursuit 8 Laps",
                                                        "c_Short": "Team Pursuit",
                                                        "n_ID": 10856,
                                                      }
                            }
                            Gender={
                                          Object {
                                                        "c_Name": "Men",
                                                        "c_Short": "M",
                                                        "n_ID": 1,
                                                      }
                            }
                            Participant={
                                          Object {
                                                        "c_Participant": "Netherlands",
                                                        "c_ParticipantShort": "NED",
                                                        "n_PersonID": null,
                                                        "n_TeamID": 33712,
                                                      }
                            }
                            TeamMembers={Array []}
                            n_EventPhaseID={815528}
              />
              <Participant
                            Event={
                                          Object {
                                                        "c_Name": "Team Pursuit 6 Laps",
                                                        "c_Short": "Team Pursuit",
                                                        "n_ID": 11148,
                                                      }
                            }
                            Gender={
                                          Object {
                                                        "c_Name": "Women",
                                                        "c_Short": "W",
                                                        "n_ID": 2,
                                                      }
                            }
                            Participant={
                                          Object {
                                                        "c_Participant": "Netherlands",
                                                        "c_ParticipantShort": "NED",
                                                        "n_PersonID": null,
                                                        "n_TeamID": 33712,
                                                      }
                            }
                            TeamMembers={Array []}
                            n_EventPhaseID={815534}
              />
</tbody>,
            "id": "stats",
          },
          "ref": null,
          "rendered": Object {
            "instance": null,
            "key": undefined,
            "nodeType": "host",
            "props": Object {
              "children": Array [
                <tr>
                  <th>
                                    Participant
                  </th>
                  <th>
                                    Event
                  </th>
                  <th>
                                    Gender
                  </th>
</tr>,
                Array [
                  <Participant
                    Event={
                                        Object {
                                                            "c_Name": "2 x 500m",
                                                            "c_Short": "2 x 500m",
                                                            "n_ID": 11184,
                                                          }
                    }
                    Gender={
                                        Object {
                                                            "c_Name": "Men",
                                                            "c_Short": "M",
                                                            "n_ID": 1,
                                                          }
                    }
                    Participant={
                                        Object {
                                                            "c_Participant": "bla Mulder",
                                                            "c_ParticipantShort": "Mulder",
                                                            "n_PersonID": 169302,
                                                            "n_TeamID": null,
                                                          }
                    }
                    TeamMembers={null}
                    n_EventPhaseID={815523}
/>,
                  <Participant
                    Event={
                                        Object {
                                                            "c_Name": "1000m",
                                                            "c_Short": "1000m",
                                                            "n_ID": 2,
                                                          }
                    }
                    Gender={
                                        Object {
                                                            "c_Name": "Men",
                                                            "c_Short": "M",
                                                            "n_ID": 1,
                                                          }
                    }
                    Participant={
                                        Object {
                                                            "c_Participant": "Stefan Groothuis",
                                                            "c_ParticipantShort": "Groothuis",
                                                            "n_PersonID": 162414,
                                                            "n_TeamID": null,
                                                          }
                    }
                    TeamMembers={null}
                    n_EventPhaseID={815524}
/>,
                  <Participant
                    Event={
                                        Object {
                                                            "c_Name": "1500m",
                                                            "c_Short": "1500m",
                                                            "n_ID": 3,
                                                          }
                    }
                    Gender={
                                        Object {
                                                            "c_Name": "Women",
                                                            "c_Short": "W",
                                                            "n_ID": 2,
                                                          }
                    }
                    Participant={
                                        Object {
                                                            "c_Participant": "Jorien ter Mors",
                                                            "c_ParticipantShort": "ter Mors",
                                                            "n_PersonID": 603415,
                                                            "n_TeamID": null,
                                                          }
                    }
                    TeamMembers={null}
                    n_EventPhaseID={815531}
/>,
                  <Participant
                    Event={
                                        Object {
                                                            "c_Name": "3000m",
                                                            "c_Short": "3000m",
                                                            "n_ID": 4,
                                                          }
                    }
                    Gender={
                                        Object {
                                                            "c_Name": "Women",
                                                            "c_Short": "W",
                                                            "n_ID": 2,
                                                          }
                    }
                    Participant={
                                        Object {
                                                            "c_Participant": "Ireen Wüst",
                                                            "c_ParticipantShort": "Wüst",
                                                            "n_PersonID": 222453,
                                                            "n_TeamID": null,
                                                          }
                    }
                    TeamMembers={null}
                    n_EventPhaseID={815532}
/>,
                  <Participant
                    Event={
                                        Object {
                                                            "c_Name": "5000m",
                                                            "c_Short": "5000m",
                                                            "n_ID": 5,
                                                          }
                    }
                    Gender={
                                        Object {
                                                            "c_Name": "Men",
                                                            "c_Short": "M",
                                                            "n_ID": 1,
                                                          }
                    }
                    Participant={
                                        Object {
                                                            "c_Participant": "Sven Kramer",
                                                            "c_ParticipantShort": "Kramer",
                                                            "n_PersonID": 170973,
                                                            "n_TeamID": null,
                                                          }
                    }
                    TeamMembers={null}
                    n_EventPhaseID={815526}
/>,
                  <Participant
                    Event={
                                        Object {
                                                            "c_Name": "10000m",
                                                            "c_Short": "10000m",
                                                            "n_ID": 6,
                                                          }
                    }
                    Gender={
                                        Object {
                                                            "c_Name": "Men",
                                                            "c_Short": "M",
                                                            "n_ID": 1,
                                                          }
                    }
                    Participant={
                                        Object {
                                                            "c_Participant": "Jorrit Bergsma",
                                                            "c_ParticipantShort": "Bergsma",
                                                            "n_PersonID": 189690,
                                                            "n_TeamID": null,
                                                          }
                    }
                    TeamMembers={null}
                    n_EventPhaseID={815527}
/>,
                  <Participant
                    Event={
                                        Object {
                                                            "c_Name": "Team Pursuit 8 Laps",
                                                            "c_Short": "Team Pursuit",
                                                            "n_ID": 10856,
                                                          }
                    }
                    Gender={
                                        Object {
                                                            "c_Name": "Men",
                                                            "c_Short": "M",
                                                            "n_ID": 1,
                                                          }
                    }
                    Participant={
                                        Object {
                                                            "c_Participant": "Netherlands",
                                                            "c_ParticipantShort": "NED",
                                                            "n_PersonID": null,
                                                            "n_TeamID": 33712,
                                                          }
                    }
                    TeamMembers={Array []}
                    n_EventPhaseID={815528}
/>,
                  <Participant
                    Event={
                                        Object {
                                                            "c_Name": "Team Pursuit 6 Laps",
                                                            "c_Short": "Team Pursuit",
                                                            "n_ID": 11148,
                                                          }
                    }
                    Gender={
                                        Object {
                                                            "c_Name": "Women",
                                                            "c_Short": "W",
                                                            "n_ID": 2,
                                                          }
                    }
                    Participant={
                                        Object {
                                                            "c_Participant": "Netherlands",
                                                            "c_ParticipantShort": "NED",
                                                            "n_PersonID": null,
                                                            "n_TeamID": 33712,
                                                          }
                    }
                    TeamMembers={Array []}
                    n_EventPhaseID={815534}
/>,
                ],
              ],
            },
            "ref": null,
            "rendered": Array [
              Object {
                "instance": null,
                "key": undefined,
                "nodeType": "host",
                "props": Object {
                  "children": Array [
                    <th>
                      Participant
</th>,
                    <th>
                      Event
</th>,
                    <th>
                      Gender
</th>,
                  ],
                },
                "ref": null,
                "rendered": Array [
                  Object {
                    "instance": null,
                    "key": undefined,
                    "nodeType": "host",
                    "props": Object {
                      "children": "Participant",
                    },
                    "ref": null,
                    "rendered": "Participant",
                    "type": "th",
                  },
                  Object {
                    "instance": null,
                    "key": undefined,
                    "nodeType": "host",
                    "props": Object {
                      "children": "Event",
                    },
                    "ref": null,
                    "rendered": "Event",
                    "type": "th",
                  },
                  Object {
                    "instance": null,
                    "key": undefined,
                    "nodeType": "host",
                    "props": Object {
                      "children": "Gender",
                    },
                    "ref": null,
                    "rendered": "Gender",
                    "type": "th",
                  },
                ],
                "type": "tr",
              },
              Object {
                "instance": null,
                "key": "0",
                "nodeType": "class",
                "props": Object {
                  "Event": Object {
                    "c_Name": "2 x 500m",
                    "c_Short": "2 x 500m",
                    "n_ID": 11184,
                  },
                  "Gender": Object {
                    "c_Name": "Men",
                    "c_Short": "M",
                    "n_ID": 1,
                  },
                  "Participant": Object {
                    "c_Participant": "bla Mulder",
                    "c_ParticipantShort": "Mulder",
                    "n_PersonID": 169302,
                    "n_TeamID": null,
                  },
                  "TeamMembers": null,
                  "n_EventPhaseID": 815523,
                },
                "ref": null,
                "rendered": null,
                "type": [Function],
              },
              Object {
                "instance": null,
                "key": "1",
                "nodeType": "class",
                "props": Object {
                  "Event": Object {
                    "c_Name": "1000m",
                    "c_Short": "1000m",
                    "n_ID": 2,
                  },
                  "Gender": Object {
                    "c_Name": "Men",
                    "c_Short": "M",
                    "n_ID": 1,
                  },
                  "Participant": Object {
                    "c_Participant": "Stefan Groothuis",
                    "c_ParticipantShort": "Groothuis",
                    "n_PersonID": 162414,
                    "n_TeamID": null,
                  },
                  "TeamMembers": null,
                  "n_EventPhaseID": 815524,
                },
                "ref": null,
                "rendered": null,
                "type": [Function],
              },
              Object {
                "instance": null,
                "key": "2",
                "nodeType": "class",
                "props": Object {
                  "Event": Object {
                    "c_Name": "1500m",
                    "c_Short": "1500m",
                    "n_ID": 3,
                  },
                  "Gender": Object {
                    "c_Name": "Women",
                    "c_Short": "W",
                    "n_ID": 2,
                  },
                  "Participant": Object {
                    "c_Participant": "Jorien ter Mors",
                    "c_ParticipantShort": "ter Mors",
                    "n_PersonID": 603415,
                    "n_TeamID": null,
                  },
                  "TeamMembers": null,
                  "n_EventPhaseID": 815531,
                },
                "ref": null,
                "rendered": null,
                "type": [Function],
              },
              Object {
                "instance": null,
                "key": "3",
                "nodeType": "class",
                "props": Object {
                  "Event": Object {
                    "c_Name": "3000m",
                    "c_Short": "3000m",
                    "n_ID": 4,
                  },
                  "Gender": Object {
                    "c_Name": "Women",
                    "c_Short": "W",
                    "n_ID": 2,
                  },
                  "Participant": Object {
                    "c_Participant": "Ireen Wüst",
                    "c_ParticipantShort": "Wüst",
                    "n_PersonID": 222453,
                    "n_TeamID": null,
                  },
                  "TeamMembers": null,
                  "n_EventPhaseID": 815532,
                },
                "ref": null,
                "rendered": null,
                "type": [Function],
              },
              Object {
                "instance": null,
                "key": "4",
                "nodeType": "class",
                "props": Object {
                  "Event": Object {
                    "c_Name": "5000m",
                    "c_Short": "5000m",
                    "n_ID": 5,
                  },
                  "Gender": Object {
                    "c_Name": "Men",
                    "c_Short": "M",
                    "n_ID": 1,
                  },
                  "Participant": Object {
                    "c_Participant": "Sven Kramer",
                    "c_ParticipantShort": "Kramer",
                    "n_PersonID": 170973,
                    "n_TeamID": null,
                  },
                  "TeamMembers": null,
                  "n_EventPhaseID": 815526,
                },
                "ref": null,
                "rendered": null,
                "type": [Function],
              },
              Object {
                "instance": null,
                "key": "5",
                "nodeType": "class",
                "props": Object {
                  "Event": Object {
                    "c_Name": "10000m",
                    "c_Short": "10000m",
                    "n_ID": 6,
                  },
                  "Gender": Object {
                    "c_Name": "Men",
                    "c_Short": "M",
                    "n_ID": 1,
                  },
                  "Participant": Object {
                    "c_Participant": "Jorrit Bergsma",
                    "c_ParticipantShort": "Bergsma",
                    "n_PersonID": 189690,
                    "n_TeamID": null,
                  },
                  "TeamMembers": null,
                  "n_EventPhaseID": 815527,
                },
                "ref": null,
                "rendered": null,
                "type": [Function],
              },
              Object {
                "instance": null,
                "key": "6",
                "nodeType": "class",
                "props": Object {
                  "Event": Object {
                    "c_Name": "Team Pursuit 8 Laps",
                    "c_Short": "Team Pursuit",
                    "n_ID": 10856,
                  },
                  "Gender": Object {
                    "c_Name": "Men",
                    "c_Short": "M",
                    "n_ID": 1,
                  },
                  "Participant": Object {
                    "c_Participant": "Netherlands",
                    "c_ParticipantShort": "NED",
                    "n_PersonID": null,
                    "n_TeamID": 33712,
                  },
                  "TeamMembers": Array [],
                  "n_EventPhaseID": 815528,
                },
                "ref": null,
                "rendered": null,
                "type": [Function],
              },
              Object {
                "instance": null,
                "key": "7",
                "nodeType": "class",
                "props": Object {
                  "Event": Object {
                    "c_Name": "Team Pursuit 6 Laps",
                    "c_Short": "Team Pursuit",
                    "n_ID": 11148,
                  },
                  "Gender": Object {
                    "c_Name": "Women",
                    "c_Short": "W",
                    "n_ID": 2,
                  },
                  "Participant": Object {
                    "c_Participant": "Netherlands",
                    "c_ParticipantShort": "NED",
                    "n_PersonID": null,
                    "n_TeamID": 33712,
                  },
                  "TeamMembers": Array [],
                  "n_EventPhaseID": 815534,
                },
                "ref": null,
                "rendered": null,
                "type": [Function],
              },
            ],
            "type": "tbody",
          },
          "type": "table",
        },
      ],
      "type": "article",
    },
  ],
  Symbol(enzyme.__options__): Object {
    "adapter": ReactSixteenAdapter {
      "options": Object {
        "enableComponentDidUpdateOnSetState": true,
      },
    },
  },
}
`;

exports[`Participant test testing Participant component 1`] = `
ShallowWrapper {
  "length": 1,
  Symbol(enzyme.__root__): [Circular],
  Symbol(enzyme.__unrendered__): <Participant
    Event={
        Object {
            "c_Name": "2 x 500m",
            "c_Short": "2 x 500m",
            "n_ID": 11184,
          }
    }
    Gender={
        Object {
            "c_Name": "Men",
            "c_Short": "M",
            "n_ID": 1,
          }
    }
    Participant={
        Object {
            "c_Participant": "bla Mulder",
            "c_ParticipantShort": "Mulder",
            "n_PersonID": 169302,
            "n_TeamID": null,
          }
    }
    TeamMembers={null}
    n_EventPhaseID={815523}
/>,
  Symbol(enzyme.__renderer__): Object {
    "batchedUpdates": [Function],
    "getNode": [Function],
    "render": [Function],
    "simulateEvent": [Function],
    "unmount": [Function],
  },
  Symbol(enzyme.__node__): Object {
    "instance": null,
    "key": undefined,
    "nodeType": "host",
    "props": Object {
      "children": Array [
        <td>
          bla Mulder
</td>,
        <td>
          2 x 500m
</td>,
        <td>
          Men
</td>,
      ],
      "className": "rowOfTable",
    },
    "ref": null,
    "rendered": Array [
      Object {
        "instance": null,
        "key": undefined,
        "nodeType": "host",
        "props": Object {
          "children": "bla Mulder",
        },
        "ref": null,
        "rendered": "bla Mulder",
        "type": "td",
      },
      Object {
        "instance": null,
        "key": undefined,
        "nodeType": "host",
        "props": Object {
          "children": "2 x 500m",
        },
        "ref": null,
        "rendered": "2 x 500m",
        "type": "td",
      },
      Object {
        "instance": null,
        "key": undefined,
        "nodeType": "host",
        "props": Object {
          "children": "Men",
        },
        "ref": null,
        "rendered": "Men",
        "type": "td",
      },
    ],
    "type": "tr",
  },
  Symbol(enzyme.__nodes__): Array [
    Object {
      "instance": null,
      "key": undefined,
      "nodeType": "host",
      "props": Object {
        "children": Array [
          <td>
            bla Mulder
</td>,
          <td>
            2 x 500m
</td>,
          <td>
            Men
</td>,
        ],
        "className": "rowOfTable",
      },
      "ref": null,
      "rendered": Array [
        Object {
          "instance": null,
          "key": undefined,
          "nodeType": "host",
          "props": Object {
            "children": "bla Mulder",
          },
          "ref": null,
          "rendered": "bla Mulder",
          "type": "td",
        },
        Object {
          "instance": null,
          "key": undefined,
          "nodeType": "host",
          "props": Object {
            "children": "2 x 500m",
          },
          "ref": null,
          "rendered": "2 x 500m",
          "type": "td",
        },
        Object {
          "instance": null,
          "key": undefined,
          "nodeType": "host",
          "props": Object {
            "children": "Men",
          },
          "ref": null,
          "rendered": "Men",
          "type": "td",
        },
      ],
      "type": "tr",
    },
  ],
  Symbol(enzyme.__options__): Object {
    "adapter": ReactSixteenAdapter {
      "options": Object {
        "enableComponentDidUpdateOnSetState": true,
      },
    },
  },
}
`;
